// Jest Snapshot v1, https://goo.gl/fbAQLP

exports[`Pruebas componente GifGridItem debe mostrar <GifGridItem /> correctamente 1`] = `
<div
  className="card animate__animated animate__zoomInDown"
>
  <img
    alt="Titulo para pruebas"
    src="https://localhost/img.jpg"
  />
  <p>
    Titulo para pruebas
  </p>
</div>
`;
